// Jest Snapshot v1, https://goo.gl/fbAQLP

exports[`HomeIndexComponent should create 1`] = `
<app-home-index-spec>
  <app-home-index>
    <main>
      <div
        class="hero"
      >
        <div
          class="hero__inner"
        >
          <h1
            class="hero__title"
          >
            
            <span>
              How to use the Fretonator
            </span>
            
          </h1>
          <ol
            aria-expanded="true"
            class="hero__list"
            id="howToList"
          >
            <li
              class="hero__text hero__text--peach"
              data-step="1"
            >
              Choose a starting note
            </li>
            <li
              class="hero__text hero__text--yellow"
              data-step="2"
            >
              Pick a mode
            </li>
            <li
              class="hero__text hero__text--purple"
              data-step="3"
            >
              Check out the fretboard
            </li>
            <li
              class="hero__text hero__text--turq"
              data-step="4"
            >
              Have a jam!
            </li>
          </ol>
          <button
            aria-checked="true"
            aria-controls="howToList"
            aria-label="Toggle visibility of Fretonator guide"
            class="hero__toggleHowTo"
            role="switch"
            type="button"
          >
            
            <span>
              Hide
            </span>
            
          </button>
        </div>
      </div>
      <div
        class="modeSelector__container"
      >
        <div
          class="modeSelector__chipsContainer"
        >
          <h2
            class="modeSelector__label"
          >
            Starting note
          </h2>
          <app-chips
            class="ng-untouched ng-pristine ng-valid"
            name="key_base"
            rounded="true"
          >
            <fieldset
              aria-label="Base Key"
              class="fieldset"
            >
              <div
                class="chips"
              >
                
                <app-chip
                  selectedcolor="default"
                >
                  <input
                    class="input ng-untouched ng-pristine ng-valid"
                    id="a"
                    name="key_base"
                    type="radio"
                  />
                  <label
                    class="chip chip--round"
                    for="a"
                  >
                    A
                  </label>
                </app-chip>
                <app-chip
                  selectedcolor="default"
                >
                  <input
                    class="input ng-untouched ng-pristine ng-valid"
                    id="b"
                    name="key_base"
                    type="radio"
                  />
                  <label
                    class="chip chip--round"
                    for="b"
                  >
                    B
                  </label>
                </app-chip>
                <app-chip
                  selectedcolor="default"
                >
                  <input
                    class="input ng-untouched ng-pristine ng-valid"
                    id="c"
                    name="key_base"
                    type="radio"
                  />
                  <label
                    class="chip chip--round"
                    for="c"
                  >
                    C
                  </label>
                </app-chip>
                <app-chip
                  selectedcolor="default"
                >
                  <input
                    class="input ng-untouched ng-pristine ng-valid"
                    id="d"
                    name="key_base"
                    type="radio"
                  />
                  <label
                    class="chip chip--round"
                    for="d"
                  >
                    D
                  </label>
                </app-chip>
                <app-chip
                  selectedcolor="default"
                >
                  <input
                    class="input ng-untouched ng-pristine ng-valid"
                    id="e"
                    name="key_base"
                    type="radio"
                  />
                  <label
                    class="chip chip--round"
                    for="e"
                  >
                    E
                  </label>
                </app-chip>
                <app-chip
                  selectedcolor="default"
                >
                  <input
                    class="input ng-untouched ng-pristine ng-valid"
                    id="f"
                    name="key_base"
                    type="radio"
                  />
                  <label
                    class="chip chip--round"
                    for="f"
                  >
                    F
                  </label>
                </app-chip>
                <app-chip
                  selectedcolor="default"
                >
                  <input
                    class="input ng-untouched ng-pristine ng-valid"
                    id="g"
                    name="key_base"
                    type="radio"
                  />
                  <label
                    class="chip chip--round"
                    for="g"
                  >
                    G
                  </label>
                </app-chip>
              </div>
            </fieldset>
          </app-chips>
          <app-chips
            class="ng-untouched ng-pristine ng-valid"
            name="key_extender"
            rounded="true"
          >
            <fieldset
              aria-label="Key Extender"
              class="fieldset"
            >
              <div
                class="chips"
              >
                
                <app-chip
                  selectedcolor="grey"
                  value=""
                >
                  <input
                    class="input ng-untouched ng-pristine ng-valid"
                    id="natural"
                    name="key_extender"
                    type="radio"
                  />
                  <label
                    class="chip chip--round chip--grey"
                    for="natural"
                  >
                    C
                  </label>
                </app-chip>
                
                <app-chip
                  selectedcolor="grey"
                >
                  <input
                    class="input ng-untouched ng-pristine ng-valid"
                    id="sharp"
                    name="key_extender"
                    type="radio"
                  />
                  <label
                    class="chip chip--round chip--grey"
                    for="sharp"
                  >
                    C# 
                  </label>
                </app-chip>
              </div>
            </fieldset>
          </app-chips>
        </div>
        <div
          class="modeSelector__chipsContainer"
        >
          <h2
            class="modeSelector__label"
          >
            Mode
          </h2>
          <app-chips
            class="ng-untouched ng-pristine ng-valid"
            name="mode"
          >
            <fieldset
              aria-label="Mode"
              class="fieldset"
            >
              <div
                class="chips"
              >
                
                <app-chip
                  selectedcolor="default"
                >
                  <input
                    class="input ng-untouched ng-pristine ng-valid"
                    id="ionian"
                    name="mode"
                    type="radio"
                  />
                  <label
                    class="chip"
                    for="ionian"
                  >
                    Ionian (Major)
                  </label>
                </app-chip>
                <app-chip
                  selectedcolor="default"
                >
                  <input
                    class="input ng-untouched ng-pristine ng-valid"
                    id="dorian"
                    name="mode"
                    type="radio"
                  />
                  <label
                    class="chip"
                    for="dorian"
                  >
                    Dorian
                  </label>
                </app-chip>
                <app-chip
                  selectedcolor="default"
                >
                  <input
                    class="input ng-untouched ng-pristine ng-valid"
                    id="phrygian"
                    name="mode"
                    type="radio"
                  />
                  <label
                    class="chip"
                    for="phrygian"
                  >
                    Phrygian
                  </label>
                </app-chip>
                <app-chip
                  selectedcolor="default"
                >
                  <input
                    class="input ng-untouched ng-pristine ng-valid"
                    id="lydian"
                    name="mode"
                    type="radio"
                  />
                  <label
                    class="chip"
                    for="lydian"
                  >
                    Lydian
                  </label>
                </app-chip>
                <app-chip
                  selectedcolor="default"
                >
                  <input
                    class="input ng-untouched ng-pristine ng-valid"
                    id="mixolydian"
                    name="mode"
                    type="radio"
                  />
                  <label
                    class="chip"
                    for="mixolydian"
                  >
                    Mixolydian
                  </label>
                </app-chip>
                <app-chip
                  selectedcolor="default"
                >
                  <input
                    class="input ng-untouched ng-pristine ng-valid"
                    id="aolian"
                    name="mode"
                    type="radio"
                  />
                  <label
                    class="chip"
                    for="aolian"
                  >
                    Aolian (Minor)
                  </label>
                </app-chip>
                <app-chip
                  selectedcolor="default"
                >
                  <input
                    class="input ng-untouched ng-pristine ng-valid"
                    id="locrian"
                    name="mode"
                    type="radio"
                  />
                  <label
                    class="chip"
                    for="locrian"
                  >
                    Locrian
                  </label>
                </app-chip>
                <app-chip
                  selectedcolor="default"
                >
                  <input
                    class="input ng-untouched ng-pristine ng-valid"
                    id="harmonicMinor"
                    name="mode"
                    type="radio"
                  />
                  <label
                    class="chip"
                    for="harmonicMinor"
                  >
                    Harmonic Minor
                  </label>
                </app-chip>
                <app-chip
                  selectedcolor="default"
                >
                  <input
                    class="input ng-untouched ng-pristine ng-valid"
                    id="phrygianDominant"
                    name="mode"
                    type="radio"
                  />
                  <label
                    class="chip"
                    for="phrygianDominant"
                  >
                    Phrygian Dominant
                  </label>
                </app-chip>
              </div>
            </fieldset>
          </app-chips>
        </div>
        <app-fretonator>
          
          <div
            class="arrowHint"
          >
            <span
              class="arrowHint__arrow"
            />
          </div>
          <div
            class="fretboard__container"
          >
            <div
              class="fretboard"
              data-fretboard=""
            >
              
              
              
              <div
                class="fretboard__cell fretboard__cell--string fretboard__cell--selected"
                data-degree="mediant"
                data-display-note="E"
                data-fret="0"
                data-string="E"
                data-string-name="e"
              />
              
              <div
                class="fretboard__cell fretboard__cell--selected"
                data-degree="subdominant"
                data-display-note="F"
                data-fret="1"
                data-string="E"
              />
              
              <div
                class="fretboard__cell"
                data-fret="2"
                data-string="E"
              />
              
              <div
                class="fretboard__cell fretboard__cell--selected"
                data-degree="dominant"
                data-display-note="G"
                data-fret="3"
                data-string="E"
              />
              
              <div
                class="fretboard__cell"
                data-fret="4"
                data-string="E"
              />
              
              <div
                class="fretboard__cell fretboard__cell--selected"
                data-degree="submediant"
                data-display-note="A"
                data-fret="5"
                data-string="E"
              />
              
              <div
                class="fretboard__cell"
                data-fret="6"
                data-string="E"
              />
              
              <div
                class="fretboard__cell fretboard__cell--selected"
                data-degree="leadingTone"
                data-display-note="B"
                data-fret="7"
                data-string="E"
              />
              
              <div
                class="fretboard__cell fretboard__cell--selected"
                data-degree="tonic"
                data-display-note="C"
                data-fret="8"
                data-string="E"
              />
              
              <div
                class="fretboard__cell"
                data-fret="9"
                data-string="E"
              />
              
              <div
                class="fretboard__cell fretboard__cell--selected"
                data-degree="supertonic"
                data-display-note="D"
                data-fret="10"
                data-string="E"
              />
              
              <div
                class="fretboard__cell"
                data-fret="11"
                data-string="E"
              />
              
              <div
                class="fretboard__cell fretboard__cell--selected"
                data-degree="mediant"
                data-display-note="E"
                data-fret="12"
                data-string="E"
              />
              
              
              
              
              <div
                class="fretboard__cell fretboard__cell--string fretboard__cell--selected"
                data-degree="leadingTone"
                data-display-note="B"
                data-fret="0"
                data-string="B"
                data-string-name="B"
              />
              
              <div
                class="fretboard__cell fretboard__cell--selected"
                data-degree="tonic"
                data-display-note="C"
                data-fret="1"
                data-string="B"
              />
              
              <div
                class="fretboard__cell"
                data-fret="2"
                data-string="B"
              />
              
              <div
                class="fretboard__cell fretboard__cell--selected"
                data-degree="supertonic"
                data-display-note="D"
                data-fret="3"
                data-string="B"
              />
              
              <div
                class="fretboard__cell"
                data-fret="4"
                data-string="B"
              />
              
              <div
                class="fretboard__cell fretboard__cell--selected"
                data-degree="mediant"
                data-display-note="E"
                data-fret="5"
                data-string="B"
              />
              
              <div
                class="fretboard__cell fretboard__cell--selected"
                data-degree="subdominant"
                data-display-note="F"
                data-fret="6"
                data-string="B"
              />
              
              <div
                class="fretboard__cell"
                data-fret="7"
                data-string="B"
              />
              
              <div
                class="fretboard__cell fretboard__cell--selected"
                data-degree="dominant"
                data-display-note="G"
                data-fret="8"
                data-string="B"
              />
              
              <div
                class="fretboard__cell"
                data-fret="9"
                data-string="B"
              />
              
              <div
                class="fretboard__cell fretboard__cell--selected"
                data-degree="submediant"
                data-display-note="A"
                data-fret="10"
                data-string="B"
              />
              
              <div
                class="fretboard__cell"
                data-fret="11"
                data-string="B"
              />
              
              <div
                class="fretboard__cell fretboard__cell--selected"
                data-degree="leadingTone"
                data-display-note="B"
                data-fret="12"
                data-string="B"
              />
              
              
              
              
              <div
                class="fretboard__cell fretboard__cell--string fretboard__cell--selected"
                data-degree="dominant"
                data-display-note="G"
                data-fret="0"
                data-string="G"
                data-string-name="G"
              />
              
              <div
                class="fretboard__cell"
                data-fret="1"
                data-string="G"
              />
              
              <div
                class="fretboard__cell fretboard__cell--selected"
                data-degree="submediant"
                data-display-note="A"
                data-fret="2"
                data-string="G"
              />
              
              <div
                class="fretboard__cell"
                data-fret="3"
                data-string="G"
              />
              
              <div
                class="fretboard__cell fretboard__cell--selected"
                data-degree="leadingTone"
                data-display-note="B"
                data-fret="4"
                data-string="G"
              />
              
              <div
                class="fretboard__cell fretboard__cell--selected"
                data-degree="tonic"
                data-display-note="C"
                data-fret="5"
                data-string="G"
              />
              
              <div
                class="fretboard__cell"
                data-fret="6"
                data-string="G"
              />
              
              <div
                class="fretboard__cell fretboard__cell--selected"
                data-degree="supertonic"
                data-display-note="D"
                data-fret="7"
                data-string="G"
              />
              
              <div
                class="fretboard__cell"
                data-fret="8"
                data-string="G"
              />
              
              <div
                class="fretboard__cell fretboard__cell--selected"
                data-degree="mediant"
                data-display-note="E"
                data-fret="9"
                data-string="G"
              />
              
              <div
                class="fretboard__cell fretboard__cell--selected"
                data-degree="subdominant"
                data-display-note="F"
                data-fret="10"
                data-string="G"
              />
              
              <div
                class="fretboard__cell"
                data-fret="11"
                data-string="G"
              />
              
              <div
                class="fretboard__cell fretboard__cell--selected"
                data-degree="dominant"
                data-display-note="G"
                data-fret="12"
                data-string="G"
              />
              
              
              
              
              <div
                class="fretboard__cell fretboard__cell--string fretboard__cell--selected"
                data-degree="supertonic"
                data-display-note="D"
                data-fret="0"
                data-string="D"
                data-string-name="D"
              />
              
              <div
                class="fretboard__cell"
                data-fret="1"
                data-string="D"
              />
              
              <div
                class="fretboard__cell fretboard__cell--selected"
                data-degree="mediant"
                data-display-note="E"
                data-fret="2"
                data-string="D"
              />
              
              <div
                class="fretboard__cell fretboard__cell--selected"
                data-degree="subdominant"
                data-display-note="F"
                data-fret="3"
                data-string="D"
              />
              
              <div
                class="fretboard__cell"
                data-fret="4"
                data-string="D"
              />
              
              <div
                class="fretboard__cell fretboard__cell--selected"
                data-degree="dominant"
                data-display-note="G"
                data-fret="5"
                data-string="D"
              />
              
              <div
                class="fretboard__cell"
                data-fret="6"
                data-string="D"
              />
              
              <div
                class="fretboard__cell fretboard__cell--selected"
                data-degree="submediant"
                data-display-note="A"
                data-fret="7"
                data-string="D"
              />
              
              <div
                class="fretboard__cell"
                data-fret="8"
                data-string="D"
              />
              
              <div
                class="fretboard__cell fretboard__cell--selected"
                data-degree="leadingTone"
                data-display-note="B"
                data-fret="9"
                data-string="D"
              />
              
              <div
                class="fretboard__cell fretboard__cell--selected"
                data-degree="tonic"
                data-display-note="C"
                data-fret="10"
                data-string="D"
              />
              
              <div
                class="fretboard__cell"
                data-fret="11"
                data-string="D"
              />
              
              <div
                class="fretboard__cell fretboard__cell--selected"
                data-degree="supertonic"
                data-display-note="D"
                data-fret="12"
                data-string="D"
              />
              
              
              
              
              <div
                class="fretboard__cell fretboard__cell--string fretboard__cell--selected"
                data-degree="submediant"
                data-display-note="A"
                data-fret="0"
                data-string="A"
                data-string-name="A"
              />
              
              <div
                class="fretboard__cell"
                data-fret="1"
                data-string="A"
              />
              
              <div
                class="fretboard__cell fretboard__cell--selected"
                data-degree="leadingTone"
                data-display-note="B"
                data-fret="2"
                data-string="A"
              />
              
              <div
                class="fretboard__cell fretboard__cell--selected"
                data-degree="tonic"
                data-display-note="C"
                data-fret="3"
                data-string="A"
              />
              
              <div
                class="fretboard__cell"
                data-fret="4"
                data-string="A"
              />
              
              <div
                class="fretboard__cell fretboard__cell--selected"
                data-degree="supertonic"
                data-display-note="D"
                data-fret="5"
                data-string="A"
              />
              
              <div
                class="fretboard__cell"
                data-fret="6"
                data-string="A"
              />
              
              <div
                class="fretboard__cell fretboard__cell--selected"
                data-degree="mediant"
                data-display-note="E"
                data-fret="7"
                data-string="A"
              />
              
              <div
                class="fretboard__cell fretboard__cell--selected"
                data-degree="subdominant"
                data-display-note="F"
                data-fret="8"
                data-string="A"
              />
              
              <div
                class="fretboard__cell"
                data-fret="9"
                data-string="A"
              />
              
              <div
                class="fretboard__cell fretboard__cell--selected"
                data-degree="dominant"
                data-display-note="G"
                data-fret="10"
                data-string="A"
              />
              
              <div
                class="fretboard__cell"
                data-fret="11"
                data-string="A"
              />
              
              <div
                class="fretboard__cell fretboard__cell--selected"
                data-degree="submediant"
                data-display-note="A"
                data-fret="12"
                data-string="A"
              />
              
              
              
              
              <div
                class="fretboard__cell fretboard__cell--string fretboard__cell--selected"
                data-degree="mediant"
                data-display-note="E"
                data-fret="0"
                data-string="E"
                data-string-name="E"
              />
              
              <div
                class="fretboard__cell fretboard__cell--selected"
                data-degree="subdominant"
                data-display-note="F"
                data-fret="1"
                data-string="E"
              />
              
              <div
                class="fretboard__cell"
                data-fret="2"
                data-string="E"
              />
              
              <div
                class="fretboard__cell fretboard__cell--selected"
                data-degree="dominant"
                data-display-note="G"
                data-fret="3"
                data-string="E"
              />
              
              <div
                class="fretboard__cell"
                data-fret="4"
                data-string="E"
              />
              
              <div
                class="fretboard__cell fretboard__cell--selected"
                data-degree="submediant"
                data-display-note="A"
                data-fret="5"
                data-string="E"
              />
              
              <div
                class="fretboard__cell"
                data-fret="6"
                data-string="E"
              />
              
              <div
                class="fretboard__cell fretboard__cell--selected"
                data-degree="leadingTone"
                data-display-note="B"
                data-fret="7"
                data-string="E"
              />
              
              <div
                class="fretboard__cell fretboard__cell--selected"
                data-degree="tonic"
                data-display-note="C"
                data-fret="8"
                data-string="E"
              />
              
              <div
                class="fretboard__cell"
                data-fret="9"
                data-string="E"
              />
              
              <div
                class="fretboard__cell fretboard__cell--selected"
                data-degree="supertonic"
                data-display-note="D"
                data-fret="10"
                data-string="E"
              />
              
              <div
                class="fretboard__cell"
                data-fret="11"
                data-string="E"
              />
              
              <div
                class="fretboard__cell fretboard__cell--selected"
                data-degree="mediant"
                data-display-note="E"
                data-fret="12"
                data-string="E"
              />
              
            </div>
          </div>
          <div
            class="infoContainer"
          >
            <div
              class="infoContainer__row"
            >
              <div
                class="degrees"
              >
                <h4
                  class="degreesDisplay__title"
                >
                  Degrees
                </h4>
                <div
                  class="degreesDisplay"
                >
                  <span
                    class="degreesDisplay__degree degreesDisplay__degree--tonic"
                  >
                    1
                  </span>
                  <span
                    class="degreesDisplay__degree degreesDisplay__degree--mediant"
                  >
                    3
                  </span>
                  <span
                    class="degreesDisplay__degree degreesDisplay__degree--dominant"
                  >
                    5
                  </span>
                </div>
              </div>
              <div
                class="scaleDisplay"
              >
                <h4
                  class="scaleDisplay__title"
                >
                  Scale
                </h4>
                <div
                  class="scaleDisplay__notes"
                >
                  
                  
                  <h5
                    class="scaleDisplay__note"
                  >
                     C 
                    
                    <span>
                       - 
                    </span>
                  </h5>
                  
                  <h5
                    class="scaleDisplay__note"
                  >
                     D 
                    
                    <span>
                       - 
                    </span>
                  </h5>
                  
                  <h5
                    class="scaleDisplay__note"
                  >
                     E 
                    
                    <span>
                       - 
                    </span>
                  </h5>
                  
                  <h5
                    class="scaleDisplay__note"
                  >
                     F 
                    
                    <span>
                       - 
                    </span>
                  </h5>
                  
                  <h5
                    class="scaleDisplay__note"
                  >
                     G 
                    
                    <span>
                       - 
                    </span>
                  </h5>
                  
                  <h5
                    class="scaleDisplay__note"
                  >
                     A 
                    
                    <span>
                       - 
                    </span>
                  </h5>
                  
                  <h5
                    class="scaleDisplay__note"
                  >
                     B 
                    
                  </h5>
                </div>
              </div>
            </div>
            <div
              class="intervalDisplay"
            >
              <h4
                class="intervalDisplay__title"
              >
                Interval pattern
              </h4>
              <div
                class="intervalDisplay__intervals"
              >
                
                
                <h5
                  class="intervalDisplay__interval"
                >
                   tone 
                </h5>
                
                <span
                  class="intervalDisplay__separator"
                >
                   - 
                </span>
                
                
                <h5
                  class="intervalDisplay__interval"
                >
                   tone 
                </h5>
                
                <span
                  class="intervalDisplay__separator"
                >
                   - 
                </span>
                
                
                <h5
                  class="intervalDisplay__interval"
                >
                   semitone 
                </h5>
                
                <span
                  class="intervalDisplay__separator"
                >
                   - 
                </span>
                
                
                <h5
                  class="intervalDisplay__interval"
                >
                   tone 
                </h5>
                
                <span
                  class="intervalDisplay__separator"
                >
                   - 
                </span>
                
                
                <h5
                  class="intervalDisplay__interval"
                >
                   tone 
                </h5>
                
                <span
                  class="intervalDisplay__separator"
                >
                   - 
                </span>
                
                
                <h5
                  class="intervalDisplay__interval"
                >
                   tone 
                </h5>
                
                <span
                  class="intervalDisplay__separator"
                >
                   - 
                </span>
                
                
                <h5
                  class="intervalDisplay__interval"
                >
                   semitone 
                </h5>
                
                
              </div>
            </div>
            <div
              class="chordMap"
            >
              <h4
                class="chordMap__title"
              >
                Chords (triads)
              </h4>
              <div
                class="chordMap__chords"
              >
                
                
                <h5
                  class="chordMap__chord"
                >
                   Cmaj 
                </h5>
                
                <span
                  class="chordMap__separator"
                >
                   - 
                </span>
                
                
                <h5
                  class="chordMap__chord"
                >
                   Dmin 
                </h5>
                
                <span
                  class="chordMap__separator"
                >
                   - 
                </span>
                
                
                <h5
                  class="chordMap__chord"
                >
                   Emin 
                </h5>
                
                <span
                  class="chordMap__separator"
                >
                   - 
                </span>
                
                
                <h5
                  class="chordMap__chord"
                >
                   Fmaj 
                </h5>
                
                <span
                  class="chordMap__separator"
                >
                   - 
                </span>
                
                
                <h5
                  class="chordMap__chord"
                >
                   Gmaj 
                </h5>
                
                <span
                  class="chordMap__separator"
                >
                   - 
                </span>
                
                
                <h5
                  class="chordMap__chord"
                >
                   Amin 
                </h5>
                
                <span
                  class="chordMap__separator"
                >
                   - 
                </span>
                
                
                <h5
                  class="chordMap__chord"
                >
                   Bdim 
                </h5>
                
                
              </div>
            </div>
          </div>
        </app-fretonator>
        
        
        <app-video-loader>
          <div
            class="videoLoader"
          >
            <div
              class="videoLoader__meta"
            >
              <h3
                class="videoLoader__title"
              >
                Try a jam track
              </h3>
              <p
                class="videoLoader__metaDetail"
              >
                 C Ionian (Major) Jam Track by Tom Strahle | 
                <span
                  class="videoLoader__metaDetail--key"
                >
                  C Ionian 
                </span>
              </p>
            </div>
            <div
              class="videoLoader__video"
            >
              
              
              <app-video-browser
                class="videoLoader__content"
              >
                <iframe
                  allow="accelerometer; autoplay; encrypted-media; gyroscope; picture-in-picture"
                  allowfullscreen=""
                  frameborder="0"
                  height="100%"
                  src="https://www.youtube.com/embed/oMZz2FeV8q4"
                  title="C Ionian (Major) Jam Track"
                  width="100%"
                />
              </app-video-browser>
            </div>
          </div>
        </app-video-loader>
      </div>
    </main>
  </app-home-index>
</app-home-index-spec>
`;
