// Jest Snapshot v1, https://goo.gl/fbAQLP

exports[`HomeIndexComponent should create 1`] = `
<app-home-index-spec>
  <app-home-index>
    <main>
      <div
        class="hero"
      >
        <div
          class="hero__inner"
        >
          <h1
            class="hero__title"
          >

            <span>
              How to use the Fretonator
            </span>

          </h1>
          <ol
            aria-expanded="true"
            class="hero__list"
            id="howToList"
          >
            <li
              class="hero__text hero__text--peach"
              data-step="1"
            >
              Choose a starting note
            </li>
            <li
              class="hero__text hero__text--yellow"
              data-step="2"
            >
              Pick a mode
            </li>
            <li
              class="hero__text hero__text--purple"
              data-step="3"
            >
              Check out the fretboard
            </li>
            <li
              class="hero__text hero__text--turq"
              data-step="4"
            >
              Have a jam!
            </li>
          </ol>
          <button
            aria-checked="true"
            aria-controls="howToList"
            aria-label="Toggle visibility of Fretonator guide"
            class="hero__toggleHowTo"
            role="switch"
            type="button"
          >

            <span>
              Hide
            </span>

          </button>
        </div>
      </div>
      <div
        class="modeSelector__container"
      >
        <div
          class="modeSelector__chipsContainer"
        >
          <h2
            class="modeSelector__label"
          >
            Starting note
          </h2>
          <app-chips>
            <div
              class="chips"
            >

              <app-chip
                rounded="true"
                selectedcolor="default"
              >
                <a
                  aria-label="note | createChipLink: noteExtender: mode"
                  class="chip chip--round"
                  href="/a/natural/ionian"
                >
                  A
                </a>
              </app-chip>
              <app-chip
                rounded="true"
                selectedcolor="default"
              >
                <a
                  aria-label="note | createChipLink: noteExtender: mode"
                  class="chip chip--round"
                  href="/b/natural/ionian"
                >
                  B
                </a>
              </app-chip>
              <app-chip
                rounded="true"
                selectedcolor="default"
              >
                <a
                  aria-label="note | createChipLink: noteExtender: mode"
                  class="chip chip--active chip--round"
                  href="/c/natural/ionian"
                >
                  C
                </a>
              </app-chip>
              <app-chip
                rounded="true"
                selectedcolor="default"
              >
                <a
                  aria-label="note | createChipLink: noteExtender: mode"
                  class="chip chip--round"
                  href="/d/natural/ionian"
                >
                  D
                </a>
              </app-chip>
              <app-chip
                rounded="true"
                selectedcolor="default"
              >
                <a
                  aria-label="note | createChipLink: noteExtender: mode"
                  class="chip chip--round"
                  href="/e/natural/ionian"
                >
                  E
                </a>
              </app-chip>
              <app-chip
                rounded="true"
                selectedcolor="default"
              >
                <a
                  aria-label="note | createChipLink: noteExtender: mode"
                  class="chip chip--round"
                  href="/f/natural/ionian"
                >
                  F
                </a>
              </app-chip>
              <app-chip
                rounded="true"
                selectedcolor="default"
              >
                <a
                  aria-label="note | createChipLink: noteExtender: mode"
                  class="chip chip--round"
                  href="/g/natural/ionian"
                >
                  G
                </a>
              </app-chip>
            </div>
          </app-chips>
          <app-chips>
            <div
              class="chips"
            >

              <app-chip
                rounded="true"
                selectedcolor="grey"
              >
                <a
                  aria-label="note | createChipLink: noteExtender: mode"
                  class="chip chip--active chip--round chip--grey"
                  href="/c/natural/ionian"
                >
                  C
                </a>
              </app-chip>

              <app-chip
                rounded="true"
                selectedcolor="grey"
              >
                <a
                  aria-label="note | createChipLink: noteExtender: mode"
                  class="chip chip--round chip--grey"
                  href="/c/sharp/ionian"
                >
                  C#
                </a>
              </app-chip>
            </div>
          </app-chips>
        </div>
        <div
          class="modeSelector__chipsContainer"
        >
          <h2
            class="modeSelector__label"
          >
            Mode
          </h2>
          <app-chips>
            <div
              class="chips"
            >

              <app-chip
                selectedcolor="default"
              >
                <a
                  aria-label="note | createChipLink: noteExtender: mode"
                  class="chip chip--active"
                  href="/c/natural/ionian"
                >
                  Ionian (Major)
                </a>
              </app-chip>
              <app-chip
                selectedcolor="default"
              >
                <a
                  aria-label="note | createChipLink: noteExtender: mode"
                  class="chip"
                  href="/c/natural/dorian"
                >
                  Dorian
                </a>
              </app-chip>
              <app-chip
                selectedcolor="default"
              >
                <a
                  aria-label="note | createChipLink: noteExtender: mode"
                  class="chip"
                  href="/c/natural/phrygian"
                >
                  Phrygian
                </a>
              </app-chip>
              <app-chip
                selectedcolor="default"
              >
                <a
                  aria-label="note | createChipLink: noteExtender: mode"
                  class="chip"
                  href="/c/natural/lydian"
                >
                  Lydian
                </a>
              </app-chip>
              <app-chip
                selectedcolor="default"
              >
                <a
                  aria-label="note | createChipLink: noteExtender: mode"
                  class="chip"
                  href="/c/natural/mixolydian"
                >
                  Mixolydian
                </a>
              </app-chip>
              <app-chip
                selectedcolor="default"
              >
                <a
                  aria-label="note | createChipLink: noteExtender: mode"
                  class="chip"
                  href="/c/natural/aolian"
                >
                  Aolian (Minor)
                </a>
              </app-chip>
              <app-chip
                selectedcolor="default"
              >
                <a
                  aria-label="note | createChipLink: noteExtender: mode"
                  class="chip"
                  href="/c/natural/locrian"
                >
                  Locrian
                </a>
              </app-chip>
              <app-chip
                selectedcolor="default"
              >
                <a
                  aria-label="note | createChipLink: noteExtender: mode"
                  class="chip"
                  href="/c/natural/harmonicMinor"
                >
                  Harmonic Minor
                </a>
              </app-chip>
              <app-chip
                selectedcolor="default"
              >
                <a
                  aria-label="note | createChipLink: noteExtender: mode"
                  class="chip"
                  href="/c/natural/phrygianDominant"
                >
                  Phrygian Dominant
                </a>
              </app-chip>
              <app-chip
                selectedcolor="default"
              >
                <a
                  aria-label="note | createChipLink: noteExtender: mode"
                  class="chip"
                  href="/c/natural/majorPentatonic"
                >
                  Major Pentatonic
                </a>
              </app-chip>
              <app-chip
                selectedcolor="default"
              >
                <a
                  aria-label="note | createChipLink: noteExtender: mode"
                  class="chip"
                  href="/c/natural/minorPentatonic"
                >
                  Minor Pentatonic
                </a>
              </app-chip>
            </div>
          </app-chips>
        </div>
        <app-fretonator>

          <div
            class="arrowHint"
          >
            <span
              class="arrowHint__arrow"
            />
          </div>
          <div
            class="fretboard__container"
          >
            <div
              class="fretboard"
              data-fretboard=""
            >



              <div
                class="fretboard__cell fretboard__cell--string fretboard__cell--selected"
                data-degree="mediant"
                data-display-note="E"
                data-fret="0"
                data-mode="ionian"
                data-string="E"
                data-string-name="e"
              />

              <div
                class="fretboard__cell fretboard__cell--selected"
                data-degree="subdominant"
                data-display-note="F"
                data-fret="1"
                data-mode="ionian"
                data-string="E"
              />

              <div
                class="fretboard__cell"
                data-fret="2"
                data-mode="ionian"
                data-string="E"
              />

              <div
                class="fretboard__cell fretboard__cell--selected"
                data-degree="dominant"
                data-display-note="G"
                data-fret="3"
                data-mode="ionian"
                data-string="E"
              />

              <div
                class="fretboard__cell"
                data-fret="4"
                data-mode="ionian"
                data-string="E"
              />

              <div
                class="fretboard__cell fretboard__cell--selected"
                data-degree="submediant"
                data-display-note="A"
                data-fret="5"
                data-mode="ionian"
                data-string="E"
              />

              <div
                class="fretboard__cell"
                data-fret="6"
                data-mode="ionian"
                data-string="E"
              />

              <div
                class="fretboard__cell fretboard__cell--selected"
                data-degree="leadingTone"
                data-display-note="B"
                data-fret="7"
                data-mode="ionian"
                data-string="E"
              />

              <div
                class="fretboard__cell fretboard__cell--selected"
                data-degree="tonic"
                data-display-note="C"
                data-fret="8"
                data-mode="ionian"
                data-string="E"
              />

              <div
                class="fretboard__cell"
                data-fret="9"
                data-mode="ionian"
                data-string="E"
              />

              <div
                class="fretboard__cell fretboard__cell--selected"
                data-degree="supertonic"
                data-display-note="D"
                data-fret="10"
                data-mode="ionian"
                data-string="E"
              />

              <div
                class="fretboard__cell"
                data-fret="11"
                data-mode="ionian"
                data-string="E"
              />

              <div
                class="fretboard__cell fretboard__cell--selected"
                data-degree="mediant"
                data-display-note="E"
                data-fret="12"
                data-mode="ionian"
                data-string="E"
              />




              <div
                class="fretboard__cell fretboard__cell--string fretboard__cell--selected"
                data-degree="leadingTone"
                data-display-note="B"
                data-fret="0"
                data-mode="ionian"
                data-string="B"
                data-string-name="B"
              />

              <div
                class="fretboard__cell fretboard__cell--selected"
                data-degree="tonic"
                data-display-note="C"
                data-fret="1"
                data-mode="ionian"
                data-string="B"
              />

              <div
                class="fretboard__cell"
                data-fret="2"
                data-mode="ionian"
                data-string="B"
              />

              <div
                class="fretboard__cell fretboard__cell--selected"
                data-degree="supertonic"
                data-display-note="D"
                data-fret="3"
                data-mode="ionian"
                data-string="B"
              />

              <div
                class="fretboard__cell"
                data-fret="4"
                data-mode="ionian"
                data-string="B"
              />

              <div
                class="fretboard__cell fretboard__cell--selected"
                data-degree="mediant"
                data-display-note="E"
                data-fret="5"
                data-mode="ionian"
                data-string="B"
              />

              <div
                class="fretboard__cell fretboard__cell--selected"
                data-degree="subdominant"
                data-display-note="F"
                data-fret="6"
                data-mode="ionian"
                data-string="B"
              />

              <div
                class="fretboard__cell"
                data-fret="7"
                data-mode="ionian"
                data-string="B"
              />

              <div
                class="fretboard__cell fretboard__cell--selected"
                data-degree="dominant"
                data-display-note="G"
                data-fret="8"
                data-mode="ionian"
                data-string="B"
              />

              <div
                class="fretboard__cell"
                data-fret="9"
                data-mode="ionian"
                data-string="B"
              />

              <div
                class="fretboard__cell fretboard__cell--selected"
                data-degree="submediant"
                data-display-note="A"
                data-fret="10"
                data-mode="ionian"
                data-string="B"
              />

              <div
                class="fretboard__cell"
                data-fret="11"
                data-mode="ionian"
                data-string="B"
              />

              <div
                class="fretboard__cell fretboard__cell--selected"
                data-degree="leadingTone"
                data-display-note="B"
                data-fret="12"
                data-mode="ionian"
                data-string="B"
              />




              <div
                class="fretboard__cell fretboard__cell--string fretboard__cell--selected"
                data-degree="dominant"
                data-display-note="G"
                data-fret="0"
                data-mode="ionian"
                data-string="G"
                data-string-name="G"
              />

              <div
                class="fretboard__cell"
                data-fret="1"
                data-mode="ionian"
                data-string="G"
              />

              <div
                class="fretboard__cell fretboard__cell--selected"
                data-degree="submediant"
                data-display-note="A"
                data-fret="2"
                data-mode="ionian"
                data-string="G"
              />

              <div
                class="fretboard__cell"
                data-fret="3"
                data-mode="ionian"
                data-string="G"
              />

              <div
                class="fretboard__cell fretboard__cell--selected"
                data-degree="leadingTone"
                data-display-note="B"
                data-fret="4"
                data-mode="ionian"
                data-string="G"
              />

              <div
                class="fretboard__cell fretboard__cell--selected"
                data-degree="tonic"
                data-display-note="C"
                data-fret="5"
                data-mode="ionian"
                data-string="G"
              />

              <div
                class="fretboard__cell"
                data-fret="6"
                data-mode="ionian"
                data-string="G"
              />

              <div
                class="fretboard__cell fretboard__cell--selected"
                data-degree="supertonic"
                data-display-note="D"
                data-fret="7"
                data-mode="ionian"
                data-string="G"
              />

              <div
                class="fretboard__cell"
                data-fret="8"
                data-mode="ionian"
                data-string="G"
              />

              <div
                class="fretboard__cell fretboard__cell--selected"
                data-degree="mediant"
                data-display-note="E"
                data-fret="9"
                data-mode="ionian"
                data-string="G"
              />

              <div
                class="fretboard__cell fretboard__cell--selected"
                data-degree="subdominant"
                data-display-note="F"
                data-fret="10"
                data-mode="ionian"
                data-string="G"
              />

              <div
                class="fretboard__cell"
                data-fret="11"
                data-mode="ionian"
                data-string="G"
              />

              <div
                class="fretboard__cell fretboard__cell--selected"
                data-degree="dominant"
                data-display-note="G"
                data-fret="12"
                data-mode="ionian"
                data-string="G"
              />




              <div
                class="fretboard__cell fretboard__cell--string fretboard__cell--selected"
                data-degree="supertonic"
                data-display-note="D"
                data-fret="0"
                data-mode="ionian"
                data-string="D"
                data-string-name="D"
              />

              <div
                class="fretboard__cell"
                data-fret="1"
                data-mode="ionian"
                data-string="D"
              />

              <div
                class="fretboard__cell fretboard__cell--selected"
                data-degree="mediant"
                data-display-note="E"
                data-fret="2"
                data-mode="ionian"
                data-string="D"
              />

              <div
                class="fretboard__cell fretboard__cell--selected"
                data-degree="subdominant"
                data-display-note="F"
                data-fret="3"
                data-mode="ionian"
                data-string="D"
              />

              <div
                class="fretboard__cell"
                data-fret="4"
                data-mode="ionian"
                data-string="D"
              />

              <div
                class="fretboard__cell fretboard__cell--selected"
                data-degree="dominant"
                data-display-note="G"
                data-fret="5"
                data-mode="ionian"
                data-string="D"
              />

              <div
                class="fretboard__cell"
                data-fret="6"
                data-mode="ionian"
                data-string="D"
              />

              <div
                class="fretboard__cell fretboard__cell--selected"
                data-degree="submediant"
                data-display-note="A"
                data-fret="7"
                data-mode="ionian"
                data-string="D"
              />

              <div
                class="fretboard__cell"
                data-fret="8"
                data-mode="ionian"
                data-string="D"
              />

              <div
                class="fretboard__cell fretboard__cell--selected"
                data-degree="leadingTone"
                data-display-note="B"
                data-fret="9"
                data-mode="ionian"
                data-string="D"
              />

              <div
                class="fretboard__cell fretboard__cell--selected"
                data-degree="tonic"
                data-display-note="C"
                data-fret="10"
                data-mode="ionian"
                data-string="D"
              />

              <div
                class="fretboard__cell"
                data-fret="11"
                data-mode="ionian"
                data-string="D"
              />

              <div
                class="fretboard__cell fretboard__cell--selected"
                data-degree="supertonic"
                data-display-note="D"
                data-fret="12"
                data-mode="ionian"
                data-string="D"
              />




              <div
                class="fretboard__cell fretboard__cell--string fretboard__cell--selected"
                data-degree="submediant"
                data-display-note="A"
                data-fret="0"
                data-mode="ionian"
                data-string="A"
                data-string-name="A"
              />

              <div
                class="fretboard__cell"
                data-fret="1"
                data-mode="ionian"
                data-string="A"
              />

              <div
                class="fretboard__cell fretboard__cell--selected"
                data-degree="leadingTone"
                data-display-note="B"
                data-fret="2"
                data-mode="ionian"
                data-string="A"
              />

              <div
                class="fretboard__cell fretboard__cell--selected"
                data-degree="tonic"
                data-display-note="C"
                data-fret="3"
                data-mode="ionian"
                data-string="A"
              />

              <div
                class="fretboard__cell"
                data-fret="4"
                data-mode="ionian"
                data-string="A"
              />

              <div
                class="fretboard__cell fretboard__cell--selected"
                data-degree="supertonic"
                data-display-note="D"
                data-fret="5"
                data-mode="ionian"
                data-string="A"
              />

              <div
                class="fretboard__cell"
                data-fret="6"
                data-mode="ionian"
                data-string="A"
              />

              <div
                class="fretboard__cell fretboard__cell--selected"
                data-degree="mediant"
                data-display-note="E"
                data-fret="7"
                data-mode="ionian"
                data-string="A"
              />

              <div
                class="fretboard__cell fretboard__cell--selected"
                data-degree="subdominant"
                data-display-note="F"
                data-fret="8"
                data-mode="ionian"
                data-string="A"
              />

              <div
                class="fretboard__cell"
                data-fret="9"
                data-mode="ionian"
                data-string="A"
              />

              <div
                class="fretboard__cell fretboard__cell--selected"
                data-degree="dominant"
                data-display-note="G"
                data-fret="10"
                data-mode="ionian"
                data-string="A"
              />

              <div
                class="fretboard__cell"
                data-fret="11"
                data-mode="ionian"
                data-string="A"
              />

              <div
                class="fretboard__cell fretboard__cell--selected"
                data-degree="submediant"
                data-display-note="A"
                data-fret="12"
                data-mode="ionian"
                data-string="A"
              />




              <div
                class="fretboard__cell fretboard__cell--string fretboard__cell--selected"
                data-degree="mediant"
                data-display-note="E"
                data-fret="0"
                data-mode="ionian"
                data-string="E"
                data-string-name="E"
              />

              <div
                class="fretboard__cell fretboard__cell--selected"
                data-degree="subdominant"
                data-display-note="F"
                data-fret="1"
                data-mode="ionian"
                data-string="E"
              />

              <div
                class="fretboard__cell"
                data-fret="2"
                data-mode="ionian"
                data-string="E"
              />

              <div
                class="fretboard__cell fretboard__cell--selected"
                data-degree="dominant"
                data-display-note="G"
                data-fret="3"
                data-mode="ionian"
                data-string="E"
              />

              <div
                class="fretboard__cell"
                data-fret="4"
                data-mode="ionian"
                data-string="E"
              />

              <div
                class="fretboard__cell fretboard__cell--selected"
                data-degree="submediant"
                data-display-note="A"
                data-fret="5"
                data-mode="ionian"
                data-string="E"
              />

              <div
                class="fretboard__cell"
                data-fret="6"
                data-mode="ionian"
                data-string="E"
              />

              <div
                class="fretboard__cell fretboard__cell--selected"
                data-degree="leadingTone"
                data-display-note="B"
                data-fret="7"
                data-mode="ionian"
                data-string="E"
              />

              <div
                class="fretboard__cell fretboard__cell--selected"
                data-degree="tonic"
                data-display-note="C"
                data-fret="8"
                data-mode="ionian"
                data-string="E"
              />

              <div
                class="fretboard__cell"
                data-fret="9"
                data-mode="ionian"
                data-string="E"
              />

              <div
                class="fretboard__cell fretboard__cell--selected"
                data-degree="supertonic"
                data-display-note="D"
                data-fret="10"
                data-mode="ionian"
                data-string="E"
              />

              <div
                class="fretboard__cell"
                data-fret="11"
                data-mode="ionian"
                data-string="E"
              />

              <div
                class="fretboard__cell fretboard__cell--selected"
                data-degree="mediant"
                data-display-note="E"
                data-fret="12"
                data-mode="ionian"
                data-string="E"
              />

            </div>
          </div>
          <div
            class="infoContainer"
          >
            <div
              class="infoContainer__row"
            >

              <div
                class="degrees"
              >
                <h4
                  class="degreesDisplay__title"
                >
                  Degrees
                </h4>
                <div
                  class="degreesDisplay"
                >
                  <span
                    class="degreesDisplay__degree degreesDisplay__degree--tonic"
                  >
                    1
                  </span>
                  <span
                    class="degreesDisplay__degree degreesDisplay__degree--mediant"
                  >
                    3
                  </span>
                  <span
                    class="degreesDisplay__degree degreesDisplay__degree--dominant"
                  >
                    5
                  </span>
                </div>
                <button
                  aria-checked="false"
                  aria-controls="scaleDegreesInfo"
                  aria-label="Scale Degrees Info Toggle"
                  class="scaleDegrees__toggle"
                  role="switch"
                  type="button"
                >
                  What is this?
                </button>
              </div>
              <div
                class="scaleDisplay"
              >
                <h4
                  class="scaleDisplay__title"
                >
                  Scale
                </h4>
                <div
                  class="scaleDisplay__notes"
                >


                  <h5
                    class="scaleDisplay__note"
                  >
                     C

                    <span>
                       -
                    </span>
                  </h5>

                  <h5
                    class="scaleDisplay__note"
                  >
                     D

                    <span>
                       -
                    </span>
                  </h5>

                  <h5
                    class="scaleDisplay__note"
                  >
                     E

                    <span>
                       -
                    </span>
                  </h5>

                  <h5
                    class="scaleDisplay__note"
                  >
                     F

                    <span>
                       -
                    </span>
                  </h5>

                  <h5
                    class="scaleDisplay__note"
                  >
                     G

                    <span>
                       -
                    </span>
                  </h5>

                  <h5
                    class="scaleDisplay__note"
                  >
                     A

                    <span>
                       -
                    </span>
                  </h5>

                  <h5
                    class="scaleDisplay__note"
                  >
                     B

                  </h5>
                </div>
              </div>
            </div>

            <div
              class="intervalMap"
            >
              <h4
                class="intervalMap__title"
              >
                Mode interval pattern
              </h4>
              <div
                class="intervalMap__intervals"
              >


                <h5
                  class="intervalMap__interval"
                >
                   tone
                </h5>

                <span
                  class="intervalMap__separator"
                >
                   -
                </span>


                <h5
                  class="intervalMap__interval"
                >
                   tone
                </h5>

                <span
                  class="intervalMap__separator"
                >
                   -
                </span>


                <h5
                  class="intervalMap__interval"
                >
                   semitone
                </h5>

                <span
                  class="intervalMap__separator"
                >
                   -
                </span>


                <h5
                  class="intervalMap__interval"
                >
                   tone
                </h5>

                <span
                  class="intervalMap__separator"
                >
                   -
                </span>


                <h5
                  class="intervalMap__interval"
                >
                   tone
                </h5>

                <span
                  class="intervalMap__separator"
                >
                   -
                </span>


                <h5
                  class="intervalMap__interval"
                >
                   tone
                </h5>

                <span
                  class="intervalMap__separator"
                >
                   -
                </span>


                <h5
                  class="intervalMap__interval"
                >
                   semitone
                </h5>


              </div>
            </div>
            <div
              class="chordMap"
            >
              <h4
                class="chordMap__title"
              >
                Chords (triads)
              </h4>
              <div
                class="chordMap__chords"
              >


                <h5
                  class="chordMap__chord"
                >
                   Cmaj
                </h5>

                <span
                  class="chordMap__separator"
                >
                   -
                </span>


                <h5
                  class="chordMap__chord"
                >
                   Dmin
                </h5>

                <span
                  class="chordMap__separator"
                >
                   -
                </span>


                <h5
                  class="chordMap__chord"
                >
                   Emin
                </h5>

                <span
                  class="chordMap__separator"
                >
                   -
                </span>


                <h5
                  class="chordMap__chord"
                >
                   Fmaj
                </h5>

                <span
                  class="chordMap__separator"
                >
                   -
                </span>


                <h5
                  class="chordMap__chord"
                >
                   Gmaj
                </h5>

                <span
                  class="chordMap__separator"
                >
                   -
                </span>


                <h5
                  class="chordMap__chord"
                >
                   Amin
                </h5>

                <span
                  class="chordMap__separator"
                >
                   -
                </span>


                <h5
                  class="chordMap__chord"
                >
                   Bdim
                </h5>


              </div>
            </div>
          </div>
        </app-fretonator>


        <app-video-loader>
          <div
            class="videoLoader"
          >
            <div
              class="videoLoader__meta"
            >
              <h3
                class="videoLoader__title"
              >
                Try a jam track
              </h3>
              <p
                class="videoLoader__metaDetail"
              >
                 C Ionian (Major) Jam Track by Tom Strahle
              </p>
            </div>
            <div
              class="videoLoader__video"
            >


              <app-video-browser
                class="videoLoader__content"
              >
                <iframe
                  allow="accelerometer; autoplay; encrypted-media; gyroscope; picture-in-picture"
                  allowfullscreen=""
                  frameborder="0"
                  height="100%"
                  src="https://www.youtube.com/embed/oMZz2FeV8q4"
                  title="C Ionian (Major) Jam Track"
                  width="100%"
                />
              </app-video-browser>
            </div>
          </div>
        </app-video-loader>
      </div>
    </main>
  </app-home-index>
</app-home-index-spec>
`;
