// Jest Snapshot v1, https://goo.gl/fbAQLP

exports[`HomeIndexComponent should create 1`] = `
<app-home-index-spec
  __ngContext__={[Function LRootView]}
>
  <app-home-index>
    <div
      class="modeSelector__container"
    >
      <div
        class="modeSelector__chipsContainer"
      >
        <h2
          class="modeSelector__label"
        >
          Choose a starting note
        </h2>
        <app-chips>
          <div
            class="chips"
          >
            <app-chip
              selectedcolor="default"
            >
              <a
                aria-label="A Ionian (Major)"
                class="chip chip--round"
                href="/a/natural/ionian"
              >
                A
              </a>
            </app-chip>
            <app-chip
              selectedcolor="default"
            >
              <a
                aria-label="B Ionian (Major)"
                class="chip chip--round"
                href="/b/natural/ionian"
              >
                B
              </a>
            </app-chip>
            <app-chip
              selectedcolor="default"
            >
              <a
                aria-label="C Ionian (Major)"
                class="chip chip--active chip--round"
                href="/c/natural/ionian"
              >
                C
              </a>
            </app-chip>
            <app-chip
              selectedcolor="default"
            >
              <a
                aria-label="D Ionian (Major)"
                class="chip chip--round"
                href="/d/natural/ionian"
              >
                D
              </a>
            </app-chip>
            <app-chip
              selectedcolor="default"
            >
              <a
                aria-label="E Ionian (Major)"
                class="chip chip--round"
                href="/e/natural/ionian"
              >
                E
              </a>
            </app-chip>
            <app-chip
              selectedcolor="default"
            >
              <a
                aria-label="F Ionian (Major)"
                class="chip chip--round"
                href="/f/natural/ionian"
              >
                F
              </a>
            </app-chip>
            <app-chip
              selectedcolor="default"
            >
              <a
                aria-label="G Ionian (Major)"
                class="chip chip--round"
                href="/g/natural/ionian"
              >
                G
              </a>
            </app-chip>
          </div>
        </app-chips>
        <app-chips>
          <div
            class="chips"
          >
            <app-chip
              selectedcolor="muted"
            >
              <a
                aria-label="C Ionian (Major)"
                class="chip chip--active chip--round chip--muted"
                href="/c/natural/ionian"
              >
                C
              </a>
            </app-chip>
            <app-chip
              selectedcolor="muted"
            >
              <a
                aria-label="C sharp Ionian (Major)"
                class="chip chip--round chip--muted"
                href="/c/sharp/ionian"
              >
                C# 
              </a>
            </app-chip>
          </div>
        </app-chips>
      </div>
      <div
        class="modeSelector__chipsContainer"
      >
        <h2
          class="modeSelector__label"
        >
          Pick a mode
        </h2>
        <app-chips>
          <div
            class="chips"
          >
            <app-chip
              selectedcolor="default"
            >
              <a
                aria-label="C Ionian (Major)"
                class="chip chip--active"
                href="/c/natural/ionian"
              >
                Ionian (Major)
              </a>
            </app-chip>
            <app-chip
              selectedcolor="default"
            >
              <a
                aria-label="C Dorian"
                class="chip"
                href="/c/natural/dorian"
              >
                Dorian
              </a>
            </app-chip>
            <app-chip
              selectedcolor="default"
            >
              <a
                aria-label="C Phrygian"
                class="chip"
                href="/c/natural/phrygian"
              >
                Phrygian
              </a>
            </app-chip>
            <app-chip
              selectedcolor="default"
            >
              <a
                aria-label="C Lydian"
                class="chip"
                href="/c/natural/lydian"
              >
                Lydian
              </a>
            </app-chip>
            <app-chip
              selectedcolor="default"
            >
              <a
                aria-label="C Mixolydian"
                class="chip"
                href="/c/natural/mixolydian"
              >
                Mixolydian
              </a>
            </app-chip>
            <app-chip
              selectedcolor="default"
            >
              <a
                aria-label="C Aeolian (Minor)"
                class="chip"
                href="/c/natural/aeolian"
              >
                Aeolian (Minor)
              </a>
            </app-chip>
            <app-chip
              selectedcolor="default"
            >
              <a
                aria-label="C Locrian"
                class="chip"
                href="/c/natural/locrian"
              >
                Locrian
              </a>
            </app-chip>
            <app-chip
              selectedcolor="default"
            >
              <a
                aria-label="C Harmonic Minor"
                class="chip"
                href="/c/natural/harmonicMinor"
              >
                Harmonic Minor
              </a>
            </app-chip>
            <app-chip
              selectedcolor="default"
            >
              <a
                aria-label="C Phrygian Dominant"
                class="chip"
                href="/c/natural/phrygianDominant"
              >
                Phrygian Dominant
              </a>
            </app-chip>
            <app-chip
              selectedcolor="default"
            >
              <a
                aria-label="C Aeolian Dominant"
                class="chip"
                href="/c/natural/aeolianDominant"
              >
                Aeolian Dominant
              </a>
            </app-chip>
            <app-chip
              selectedcolor="default"
            >
              <a
                aria-label="C Major Pentatonic"
                class="chip"
                href="/c/natural/majorPentatonic"
              >
                Major Pentatonic
              </a>
            </app-chip>
            <app-chip
              selectedcolor="default"
            >
              <a
                aria-label="C Minor Pentatonic"
                class="chip"
                href="/c/natural/minorPentatonic"
              >
                Minor Pentatonic
              </a>
            </app-chip>
          </div>
        </app-chips>
      </div>
      <div
        class="modeSelector__randomizeContainer"
      >
        <button
          class="modeSelector__button"
          title="Get a random note and mode"
        >
           Or get a random one 
        </button>
      </div>
      <app-fretonator>
        <h2
          class="fretonator__sectionTitle"
        >
          Check out the fretboard
        </h2>
        <app-fretboard>
          <div
            class="arrowHint"
          >
            <span
              class="arrowHint__arrow"
            />
          </div>
          <div
            class="fretboard__container"
          >
            <div
              class="fretboard"
            >
              <div
                class="fretboard__cell fretboard__cell--string fretboard__cell--selected"
                data-degree="mediant"
                data-display-note="E"
                data-fret="0"
                data-highlight="false"
                data-mode="ionian"
                data-string="E"
                data-string-name="e"
                data-string-number="1"
              />
              <div
                class="fretboard__cell fretboard__cell--selected"
                data-degree="subdominant"
                data-display-note="F"
                data-fret="1"
                data-highlight="false"
                data-mode="ionian"
                data-string="E"
                data-string-number="1"
              />
              <div
                class="fretboard__cell"
                data-fret="2"
                data-highlight="false"
                data-mode="ionian"
                data-string="E"
                data-string-number="1"
              />
              <div
                class="fretboard__cell fretboard__cell--selected"
                data-degree="dominant"
                data-display-note="G"
                data-fret="3"
                data-highlight="false"
                data-mode="ionian"
                data-string="E"
                data-string-number="1"
              />
              <div
                class="fretboard__cell"
                data-fret="4"
                data-highlight="false"
                data-mode="ionian"
                data-string="E"
                data-string-number="1"
              />
              <div
                class="fretboard__cell fretboard__cell--selected"
                data-degree="submediant"
                data-display-note="A"
                data-fret="5"
                data-highlight="false"
                data-mode="ionian"
                data-string="E"
                data-string-number="1"
              />
              <div
                class="fretboard__cell"
                data-fret="6"
                data-highlight="false"
                data-mode="ionian"
                data-string="E"
                data-string-number="1"
              />
              <div
                class="fretboard__cell fretboard__cell--selected"
                data-degree="leadingTone"
                data-display-note="B"
                data-fret="7"
                data-highlight="false"
                data-mode="ionian"
                data-string="E"
                data-string-number="1"
              />
              <div
                class="fretboard__cell fretboard__cell--selected"
                data-degree="tonic"
                data-display-note="C"
                data-fret="8"
                data-highlight="true"
                data-mode="ionian"
                data-string="E"
                data-string-number="1"
              />
              <div
                class="fretboard__cell"
                data-fret="9"
                data-highlight="false"
                data-mode="ionian"
                data-string="E"
                data-string-number="1"
              />
              <div
                class="fretboard__cell fretboard__cell--selected"
                data-degree="supertonic"
                data-display-note="D"
                data-fret="10"
                data-highlight="false"
                data-mode="ionian"
                data-string="E"
                data-string-number="1"
              />
              <div
                class="fretboard__cell"
                data-fret="11"
                data-highlight="false"
                data-mode="ionian"
                data-string="E"
                data-string-number="1"
              />
              <div
                class="fretboard__cell fretboard__cell--selected"
                data-degree="mediant"
                data-display-note="E"
                data-fret="12"
                data-highlight="false"
                data-mode="ionian"
                data-string="E"
                data-string-number="1"
              />
              <div
                class="fretboard__cell fretboard__cell--string fretboard__cell--selected"
                data-degree="leadingTone"
                data-display-note="B"
                data-fret="0"
                data-highlight="false"
                data-mode="ionian"
                data-string="B"
                data-string-name="B"
                data-string-number="2"
              />
              <div
                class="fretboard__cell fretboard__cell--selected"
                data-degree="tonic"
                data-display-note="C"
                data-fret="1"
                data-highlight="true"
                data-mode="ionian"
                data-string="B"
                data-string-number="2"
              />
              <div
                class="fretboard__cell"
                data-fret="2"
                data-highlight="false"
                data-mode="ionian"
                data-string="B"
                data-string-number="2"
              />
              <div
                class="fretboard__cell fretboard__cell--selected"
                data-degree="supertonic"
                data-display-note="D"
                data-fret="3"
                data-highlight="false"
                data-mode="ionian"
                data-string="B"
                data-string-number="2"
              />
              <div
                class="fretboard__cell"
                data-fret="4"
                data-highlight="false"
                data-mode="ionian"
                data-string="B"
                data-string-number="2"
              />
              <div
                class="fretboard__cell fretboard__cell--selected"
                data-degree="mediant"
                data-display-note="E"
                data-fret="5"
                data-highlight="false"
                data-mode="ionian"
                data-string="B"
                data-string-number="2"
              />
              <div
                class="fretboard__cell fretboard__cell--selected"
                data-degree="subdominant"
                data-display-note="F"
                data-fret="6"
                data-highlight="false"
                data-mode="ionian"
                data-string="B"
                data-string-number="2"
              />
              <div
                class="fretboard__cell"
                data-fret="7"
                data-highlight="false"
                data-mode="ionian"
                data-string="B"
                data-string-number="2"
              />
              <div
                class="fretboard__cell fretboard__cell--selected"
                data-degree="dominant"
                data-display-note="G"
                data-fret="8"
                data-highlight="false"
                data-mode="ionian"
                data-string="B"
                data-string-number="2"
              />
              <div
                class="fretboard__cell"
                data-fret="9"
                data-highlight="false"
                data-mode="ionian"
                data-string="B"
                data-string-number="2"
              />
              <div
                class="fretboard__cell fretboard__cell--selected"
                data-degree="submediant"
                data-display-note="A"
                data-fret="10"
                data-highlight="false"
                data-mode="ionian"
                data-string="B"
                data-string-number="2"
              />
              <div
                class="fretboard__cell"
                data-fret="11"
                data-highlight="false"
                data-mode="ionian"
                data-string="B"
                data-string-number="2"
              />
              <div
                class="fretboard__cell fretboard__cell--selected"
                data-degree="leadingTone"
                data-display-note="B"
                data-fret="12"
                data-highlight="false"
                data-mode="ionian"
                data-string="B"
                data-string-number="2"
              />
              <div
                class="fretboard__cell fretboard__cell--string fretboard__cell--selected"
                data-degree="dominant"
                data-display-note="G"
                data-fret="0"
                data-highlight="false"
                data-mode="ionian"
                data-string="G"
                data-string-name="G"
                data-string-number="3"
              />
              <div
                class="fretboard__cell"
                data-fret="1"
                data-highlight="false"
                data-mode="ionian"
                data-string="G"
                data-string-number="3"
              />
              <div
                class="fretboard__cell fretboard__cell--selected"
                data-degree="submediant"
                data-display-note="A"
                data-fret="2"
                data-highlight="false"
                data-mode="ionian"
                data-string="G"
                data-string-number="3"
              />
              <div
                class="fretboard__cell"
                data-fret="3"
                data-highlight="false"
                data-mode="ionian"
                data-string="G"
                data-string-number="3"
              />
              <div
                class="fretboard__cell fretboard__cell--selected"
                data-degree="leadingTone"
                data-display-note="B"
                data-fret="4"
                data-highlight="false"
                data-mode="ionian"
                data-string="G"
                data-string-number="3"
              />
              <div
                class="fretboard__cell fretboard__cell--selected"
                data-degree="tonic"
                data-display-note="C"
                data-fret="5"
                data-highlight="true"
                data-mode="ionian"
                data-string="G"
                data-string-number="3"
              />
              <div
                class="fretboard__cell"
                data-fret="6"
                data-highlight="false"
                data-mode="ionian"
                data-string="G"
                data-string-number="3"
              />
              <div
                class="fretboard__cell fretboard__cell--selected"
                data-degree="supertonic"
                data-display-note="D"
                data-fret="7"
                data-highlight="false"
                data-mode="ionian"
                data-string="G"
                data-string-number="3"
              />
              <div
                class="fretboard__cell"
                data-fret="8"
                data-highlight="false"
                data-mode="ionian"
                data-string="G"
                data-string-number="3"
              />
              <div
                class="fretboard__cell fretboard__cell--selected"
                data-degree="mediant"
                data-display-note="E"
                data-fret="9"
                data-highlight="false"
                data-mode="ionian"
                data-string="G"
                data-string-number="3"
              />
              <div
                class="fretboard__cell fretboard__cell--selected"
                data-degree="subdominant"
                data-display-note="F"
                data-fret="10"
                data-highlight="false"
                data-mode="ionian"
                data-string="G"
                data-string-number="3"
              />
              <div
                class="fretboard__cell"
                data-fret="11"
                data-highlight="false"
                data-mode="ionian"
                data-string="G"
                data-string-number="3"
              />
              <div
                class="fretboard__cell fretboard__cell--selected"
                data-degree="dominant"
                data-display-note="G"
                data-fret="12"
                data-highlight="false"
                data-mode="ionian"
                data-string="G"
                data-string-number="3"
              />
              <div
                class="fretboard__cell fretboard__cell--string fretboard__cell--selected"
                data-degree="supertonic"
                data-display-note="D"
                data-fret="0"
                data-highlight="false"
                data-mode="ionian"
                data-string="D"
                data-string-name="D"
                data-string-number="4"
              />
              <div
                class="fretboard__cell"
                data-fret="1"
                data-highlight="false"
                data-mode="ionian"
                data-string="D"
                data-string-number="4"
              />
              <div
                class="fretboard__cell fretboard__cell--selected"
                data-degree="mediant"
                data-display-note="E"
                data-fret="2"
                data-highlight="false"
                data-mode="ionian"
                data-string="D"
                data-string-number="4"
              />
              <div
                class="fretboard__cell fretboard__cell--selected"
                data-degree="subdominant"
                data-display-note="F"
                data-fret="3"
                data-highlight="false"
                data-mode="ionian"
                data-string="D"
                data-string-number="4"
              />
              <div
                class="fretboard__cell"
                data-fret="4"
                data-highlight="false"
                data-mode="ionian"
                data-string="D"
                data-string-number="4"
              />
              <div
                class="fretboard__cell fretboard__cell--selected"
                data-degree="dominant"
                data-display-note="G"
                data-fret="5"
                data-highlight="false"
                data-mode="ionian"
                data-string="D"
                data-string-number="4"
              />
              <div
                class="fretboard__cell"
                data-fret="6"
                data-highlight="false"
                data-mode="ionian"
                data-string="D"
                data-string-number="4"
              />
              <div
                class="fretboard__cell fretboard__cell--selected"
                data-degree="submediant"
                data-display-note="A"
                data-fret="7"
                data-highlight="false"
                data-mode="ionian"
                data-string="D"
                data-string-number="4"
              />
              <div
                class="fretboard__cell"
                data-fret="8"
                data-highlight="false"
                data-mode="ionian"
                data-string="D"
                data-string-number="4"
              />
              <div
                class="fretboard__cell fretboard__cell--selected"
                data-degree="leadingTone"
                data-display-note="B"
                data-fret="9"
                data-highlight="false"
                data-mode="ionian"
                data-string="D"
                data-string-number="4"
              />
              <div
                class="fretboard__cell fretboard__cell--selected"
                data-degree="tonic"
                data-display-note="C"
                data-fret="10"
                data-highlight="true"
                data-mode="ionian"
                data-string="D"
                data-string-number="4"
              />
              <div
                class="fretboard__cell"
                data-fret="11"
                data-highlight="false"
                data-mode="ionian"
                data-string="D"
                data-string-number="4"
              />
              <div
                class="fretboard__cell fretboard__cell--selected"
                data-degree="supertonic"
                data-display-note="D"
                data-fret="12"
                data-highlight="false"
                data-mode="ionian"
                data-string="D"
                data-string-number="4"
              />
              <div
                class="fretboard__cell fretboard__cell--string fretboard__cell--selected"
                data-degree="submediant"
                data-display-note="A"
                data-fret="0"
                data-highlight="false"
                data-mode="ionian"
                data-string="A"
                data-string-name="A"
                data-string-number="5"
              />
              <div
                class="fretboard__cell"
                data-fret="1"
                data-highlight="false"
                data-mode="ionian"
                data-string="A"
                data-string-number="5"
              />
              <div
                class="fretboard__cell fretboard__cell--selected"
                data-degree="leadingTone"
                data-display-note="B"
                data-fret="2"
                data-highlight="false"
                data-mode="ionian"
                data-string="A"
                data-string-number="5"
              />
              <div
                class="fretboard__cell fretboard__cell--selected"
                data-degree="tonic"
                data-display-note="C"
                data-fret="3"
                data-highlight="true"
                data-mode="ionian"
                data-string="A"
                data-string-number="5"
              />
              <div
                class="fretboard__cell"
                data-fret="4"
                data-highlight="false"
                data-mode="ionian"
                data-string="A"
                data-string-number="5"
              />
              <div
                class="fretboard__cell fretboard__cell--selected"
                data-degree="supertonic"
                data-display-note="D"
                data-fret="5"
                data-highlight="false"
                data-mode="ionian"
                data-string="A"
                data-string-number="5"
              />
              <div
                class="fretboard__cell"
                data-fret="6"
                data-highlight="false"
                data-mode="ionian"
                data-string="A"
                data-string-number="5"
              />
              <div
                class="fretboard__cell fretboard__cell--selected"
                data-degree="mediant"
                data-display-note="E"
                data-fret="7"
                data-highlight="false"
                data-mode="ionian"
                data-string="A"
                data-string-number="5"
              />
              <div
                class="fretboard__cell fretboard__cell--selected"
                data-degree="subdominant"
                data-display-note="F"
                data-fret="8"
                data-highlight="false"
                data-mode="ionian"
                data-string="A"
                data-string-number="5"
              />
              <div
                class="fretboard__cell"
                data-fret="9"
                data-highlight="false"
                data-mode="ionian"
                data-string="A"
                data-string-number="5"
              />
              <div
                class="fretboard__cell fretboard__cell--selected"
                data-degree="dominant"
                data-display-note="G"
                data-fret="10"
                data-highlight="false"
                data-mode="ionian"
                data-string="A"
                data-string-number="5"
              />
              <div
                class="fretboard__cell"
                data-fret="11"
                data-highlight="false"
                data-mode="ionian"
                data-string="A"
                data-string-number="5"
              />
              <div
                class="fretboard__cell fretboard__cell--selected"
                data-degree="submediant"
                data-display-note="A"
                data-fret="12"
                data-highlight="false"
                data-mode="ionian"
                data-string="A"
                data-string-number="5"
              />
              <div
                class="fretboard__cell fretboard__cell--string fretboard__cell--selected"
                data-degree="mediant"
                data-display-note="E"
                data-fret="0"
                data-highlight="false"
                data-mode="ionian"
                data-string="E"
                data-string-name="E"
                data-string-number="6"
              />
              <div
                class="fretboard__cell fretboard__cell--selected"
                data-degree="subdominant"
                data-display-note="F"
                data-fret="1"
                data-highlight="false"
                data-mode="ionian"
                data-string="E"
                data-string-number="6"
              />
              <div
                class="fretboard__cell"
                data-fret="2"
                data-highlight="false"
                data-mode="ionian"
                data-string="E"
                data-string-number="6"
              />
              <div
                class="fretboard__cell fretboard__cell--selected"
                data-degree="dominant"
                data-display-note="G"
                data-fret="3"
                data-highlight="false"
                data-mode="ionian"
                data-string="E"
                data-string-number="6"
              />
              <div
                class="fretboard__cell"
                data-fret="4"
                data-highlight="false"
                data-mode="ionian"
                data-string="E"
                data-string-number="6"
              />
              <div
                class="fretboard__cell fretboard__cell--selected"
                data-degree="submediant"
                data-display-note="A"
                data-fret="5"
                data-highlight="false"
                data-mode="ionian"
                data-string="E"
                data-string-number="6"
              />
              <div
                class="fretboard__cell"
                data-fret="6"
                data-highlight="false"
                data-mode="ionian"
                data-string="E"
                data-string-number="6"
              />
              <div
                class="fretboard__cell fretboard__cell--selected"
                data-degree="leadingTone"
                data-display-note="B"
                data-fret="7"
                data-highlight="false"
                data-mode="ionian"
                data-string="E"
                data-string-number="6"
              />
              <div
                class="fretboard__cell fretboard__cell--selected"
                data-degree="tonic"
                data-display-note="C"
                data-fret="8"
                data-highlight="true"
                data-mode="ionian"
                data-string="E"
                data-string-number="6"
              />
              <div
                class="fretboard__cell"
                data-fret="9"
                data-highlight="false"
                data-mode="ionian"
                data-string="E"
                data-string-number="6"
              />
              <div
                class="fretboard__cell fretboard__cell--selected"
                data-degree="supertonic"
                data-display-note="D"
                data-fret="10"
                data-highlight="false"
                data-mode="ionian"
                data-string="E"
                data-string-number="6"
              />
              <div
                class="fretboard__cell"
                data-fret="11"
                data-highlight="false"
                data-mode="ionian"
                data-string="E"
                data-string-number="6"
              />
              <div
                class="fretboard__cell fretboard__cell--selected"
                data-degree="mediant"
                data-display-note="E"
                data-fret="12"
                data-highlight="false"
                data-mode="ionian"
                data-string="E"
                data-string-number="6"
              />
            </div>
            <div
              class="fretboard"
            >
              <span
                class="fretboard__help"
                data-fret="0"
              />
              <span
                class="fretboard__help"
                data-fret="1"
              />
              <span
                class="fretboard__help"
                data-fret="2"
              />
              <span
                class="fretboard__help"
                data-fret="3"
              />
              <span
                class="fretboard__help"
                data-fret="4"
              />
              <span
                class="fretboard__help"
                data-fret="5"
              />
              <span
                class="fretboard__help"
                data-fret="6"
              />
              <span
                class="fretboard__help"
                data-fret="7"
              />
              <span
                class="fretboard__help"
                data-fret="8"
              />
              <span
                class="fretboard__help"
                data-fret="9"
              />
              <span
                class="fretboard__help"
                data-fret="10"
              />
              <span
                class="fretboard__help"
                data-fret="11"
              />
              <span
                class="fretboard__help"
                data-fret="12"
              />
            </div>
          </div>
          <div
            class="controlPanel"
          >
            <div
              class="controlPanel__row"
            >
              <div
                class="controlPanel__section"
              >
                <h4
                  class="controlPanel__title"
                >
                  Highlight scale degrees
                </h4>
                <app-scale-degrees>
                  <div
                    class="degreesDisplay"
                  >
                    <button
                      aria-label="Highlight tonic notes on the fretboard"
                      class="degreesDisplay__degree tonic degreesDisplay__degree--tonic"
                    >
                      1
                    </button>
                    <button
                      aria-label="Highlight mediant notes on the fretboard"
                      class="degreesDisplay__degree mediant"
                    >
                      3
                    </button>
                    <button
                      aria-label="Highlight dominant notes on the fretboard"
                      class="degreesDisplay__degree dominant"
                    >
                      5
                    </button>
                  </div>
                </app-scale-degrees>
              </div>
              <div
                class="controlPanel__section"
              >
                <h4
                  class="controlPanel__title"
                >
                  Scale degrees display
                </h4>
                <div
                  class="button__group button__group--right"
                >
                  <button
                    class="fretboard__toggleButton fretboard__toggleButton--active"
                  >
                    Note names 
                  </button>
                  <button
                    class="fretboard__toggleButton"
                  >
                    Note numbers 
                  </button>
                </div>
              </div>
            </div>
            <div
              class="controlPanel__column"
            >
              <h4
                class="controlPanel__title"
              >
                Fretboard
              </h4>
              <app-fretboard-config>
                <div
                  class="configure__controls"
                >
                  <div
                    class="button__group"
                  >
                    <button
                      class="fretboard__toggleButton twelve fretboard__toggleButton--active"
                    >
                      12 frets 
                    </button>
                    <button
                      class="fretboard__toggleButton twentyFour"
                    >
                      24 frets 
                    </button>
                    <button
                      class="fretboard__toggleButton left"
                    >
                       Left handed 
                    </button>
                    <button
                      class="fretboard__toggleButton right fretboard__toggleButton--active"
                    >
                       Right handed 
                    </button>
                  </div>
                </div>
              </app-fretboard-config>
            </div>
            <div
              class="controlPanel__column"
            >
              <h4
                class="controlPanel__title"
              >
                Guitar tuning
              </h4>
              <div
                class="fretboard__tuningGroup"
              >
                <button
                  class="fretboard__changeTuning fretboard__changeTuning--active"
                >
                  Standard 
                </button>
                <button
                  class="fretboard__changeTuning"
                >
                  Drop D 
                </button>
                <button
                  class="fretboard__changeTuning"
                >
                  DADGAD 
                </button>
              </div>
            </div>
          </div>
        </app-fretboard>
        <app-video-loader>
          <div
            class="videoLoader"
          >
            <div
              class="videoLoader__meta"
            >
              <h3
                class="videoLoader__title"
              >
                Have a jam
              </h3>
              <p
                class="videoLoader__metaDetail"
              >
                 C Ionian (Major) Jam Track by Tom Strahle 
              </p>
            </div>
            <div
              class="videoLoader__video"
            >
              <app-video-server
                class="videoLoader__content"
              >
                <div
                  class="videoServer__container"
                >
                  <h3
                    class="videoServer__title"
                  >
                    View on YouTube
                  </h3>
                  <a
                    class="videoServer__link"
                    href="https://www.youtube.com/watch?v=oMZz2FeV8q4"
                    rel="nofollow noopener noreferrer"
                    target="_blank"
                  >
                    https://www.youtube.com/watch?v=oMZz2FeV8q4
                  </a>
                </div>
              </app-video-server>
            </div>
          </div>
        </app-video-loader>
        <h2
          class="fretonator__sectionTitle"
        >
          Learn the theory
        </h2>
        <div
          class="infoContainer"
        >
          <app-scale-map>
            <div
              class="scaleMap__row"
            >
              <div
                class="scaleDisplay"
              >
                <h3
                  class="scaleDisplay__title"
                >
                  C Ionian (Major) 
                </h3>
                <div
                  class="scaleDisplay__notes"
                >
                  <p
                    class="scaleDisplay__note"
                  >
                     C 
                  </p>
                  <p
                    class="scaleDisplay__note"
                  >
                     D 
                  </p>
                  <p
                    class="scaleDisplay__note"
                  >
                     E 
                  </p>
                  <p
                    class="scaleDisplay__note"
                  >
                     F 
                  </p>
                  <p
                    class="scaleDisplay__note"
                  >
                     G 
                  </p>
                  <p
                    class="scaleDisplay__note"
                  >
                     A 
                  </p>
                  <p
                    class="scaleDisplay__note"
                  >
                     B 
                  </p>
                </div>
              </div>
            </div>
          </app-scale-map>
          <div
            class="infoButtonRow"
          >
            <button
              aria-expanded="false"
              aria-label="Scale Degrees Info Toggle"
              class="infoButton infoButton--scaleMapInfo"
              type="button"
            >
               About scale degrees 
            </button>
            <a
              class="infoButton infoButton--withChevron"
              href="/learn"
            >
               Break modes down into patterns 
              <span
                class="infoButton__svgContainer"
              >
                <app-chevron-right-svg>
                  <svg
                    class="svg"
                    viewBox="0 0 320 512"
                    xmlns="http://www.w3.org/2000/svg"
                  >
                    <path
                      d="M285.476 272.971L91.132 467.314c-9.373 9.373-24.569 9.373-33.941 0l-22.667-22.667c-9.357-9.357-9.375-24.522-.04-33.901L188.505 256 34.484 101.255c-9.335-9.379-9.317-24.544.04-33.901l22.667-22.667c9.373-9.373 24.569-9.373 33.941 0L285.475 239.03c9.373 9.372 9.373 24.568.001 33.941z"
                    />
                  </svg>
                </app-chevron-right-svg>
              </span>
            </a>
          </div>
          <app-interval-map>
            <div
              class="intervalMap"
            >
              <h4
                class="intervalMap__title"
              >
                Mode interval pattern
              </h4>
              <div
                class="intervalMap__intervals"
              >
                <h5
                  class="intervalMap__interval"
                >
                   tone 
                </h5>
                <span
                  class="intervalMap__separator"
                >
                   - 
                </span>
                <h5
                  class="intervalMap__interval"
                >
                   tone 
                </h5>
                <span
                  class="intervalMap__separator"
                >
                   - 
                </span>
                <h5
                  class="intervalMap__interval"
                >
                   semitone 
                </h5>
                <span
                  class="intervalMap__separator"
                >
                   - 
                </span>
                <h5
                  class="intervalMap__interval"
                >
                   tone 
                </h5>
                <span
                  class="intervalMap__separator"
                >
                   - 
                </span>
                <h5
                  class="intervalMap__interval"
                >
                   tone 
                </h5>
                <span
                  class="intervalMap__separator"
                >
                   - 
                </span>
                <h5
                  class="intervalMap__interval"
                >
                   tone 
                </h5>
                <span
                  class="intervalMap__separator"
                >
                   - 
                </span>
                <h5
                  class="intervalMap__interval"
                >
                   semitone 
                </h5>
              </div>
            </div>
          </app-interval-map>
          <app-chord-map>
            <div
              class="chordMap"
            >
              <h4
                class="chordMap__title"
              >
                Chords (triads)
              </h4>
              <div
                class="chordMap__chords"
              >
                <h5
                  class="chordMap__chord"
                >
                   Cmaj (I) 
                </h5>
                <span
                  class="chordMap__separator"
                >
                   - 
                </span>
                <h5
                  class="chordMap__chord"
                >
                   Dmin (ii) 
                </h5>
                <span
                  class="chordMap__separator"
                >
                   - 
                </span>
                <h5
                  class="chordMap__chord"
                >
                   Emin (iii) 
                </h5>
                <span
                  class="chordMap__separator"
                >
                   - 
                </span>
                <h5
                  class="chordMap__chord"
                >
                   Fmaj (IV) 
                </h5>
                <span
                  class="chordMap__separator"
                >
                   - 
                </span>
                <h5
                  class="chordMap__chord"
                >
                   Gmaj (V) 
                </h5>
                <span
                  class="chordMap__separator"
                >
                   - 
                </span>
                <h5
                  class="chordMap__chord"
                >
                   Amin (vi) 
                </h5>
                <span
                  class="chordMap__separator"
                >
                   - 
                </span>
                <h5
                  class="chordMap__chord"
                >
                   Bdim (vii) 
                </h5>
              </div>
            </div>
          </app-chord-map>
          <app-similar-modes>
            <div
              class="similarModes"
            >
              <h4
                class="similarModes__title"
              >
                Did you know?
              </h4>
              <p
                class="similarModes__copy"
              >
                 If you know the notes of C Ionian (Major), you can play the modes below, which use the exact same notes. 
              </p>
              <div
                class="chipsContainer"
              >
                <app-chips>
                  <div
                    class="chips"
                  >
                    <app-chip>
                      <a
                        aria-label="D Dorian"
                        class="chip"
                        href="/d/natural/dorian"
                      >
                        D Dorian
                      </a>
                    </app-chip>
                    <app-chip>
                      <a
                        aria-label="E Phrygian"
                        class="chip"
                        href="/e/natural/phrygian"
                      >
                        E Phrygian
                      </a>
                    </app-chip>
                    <app-chip>
                      <a
                        aria-label="F Lydian"
                        class="chip"
                        href="/f/natural/lydian"
                      >
                        F Lydian
                      </a>
                    </app-chip>
                    <app-chip>
                      <a
                        aria-label="G Mixolydian"
                        class="chip"
                        href="/g/natural/mixolydian"
                      >
                        G Mixolydian
                      </a>
                    </app-chip>
                    <app-chip>
                      <a
                        aria-label="A Aeolian (Minor)"
                        class="chip"
                        href="/a/natural/aeolian"
                      >
                        A Aeolian
                      </a>
                    </app-chip>
                    <app-chip>
                      <a
                        aria-label="B Locrian"
                        class="chip"
                        href="/b/natural/locrian"
                      >
                        B Locrian
                      </a>
                    </app-chip>
                  </div>
                </app-chips>
              </div>
              <p
                class="similarModes__copy"
              >
                 What's more, if you know the Ionian pattern, you can play the Ionian mode in any key. Just play the pattern starting on your chosen starting note (root note). 
              </p>
              <p
                class="similarModes__copy"
              >
                 In order to play and jam in all 7 of the main modes, you 
                <span
                  class="emphasis"
                >
                  only need to learn 7 patterns
                </span>
                . 
              </p>
              <p
                class="similarModes__copy"
              >
                 These patterns always appear in 
                <span
                  class="emphasis"
                >
                  the exact same order
                </span>
                 across the fretboard, regardless of the starting note or mode. 
              </p>
              <p
                class="similarModes__copy"
              >
                 You might have heard this named as the 
                <span
                  class="emphasis"
                >
                  3 note per string
                </span>
                 method. Learn more about this and the 7 standard modes of the major scale in our learning hub. 
              </p>
              <a
                class="similarModes__cta"
                href="/learn"
              >
                Learn about the 7 patterns
              </a>
            </div>
          </app-similar-modes>
        </div>
      </app-fretonator>
    </div>
  </app-home-index>
</app-home-index-spec>
`;
