// Jest Snapshot v1, https://goo.gl/fbAQLP

exports[`ChipsComponent should match the snapshot 1`] = `
<app-chips-spec
  selectedColor={[Function String]}
>
  <app-chips>
    <div
      class="chips"
    >
      <app-chip>
        <a
          class="chip"
          href="/a/natural/ionian"
        >
          One 
        </a>
      </app-chip>
      <app-chip>
        <a
          class="chip chip--round"
          href="/b/flat/mixolydian"
        >
          Two 
        </a>
      </app-chip>
      <app-chip>
        <a
          class="chip"
          href="/f/sharp/minorPentatonic"
        >
          Two 
        </a>
      </app-chip>
    </div>
  </app-chips>
</app-chips-spec>
`;
